[0m[🌿[0m] [0mApplying cmdline param [[1;39m 'BUILD_MINIMAL': '(unset)' --> 'yes' early [0m][0m
[0m[🌿[0m] [0mApplying cmdline param [[1;39m 'IGNORE_UBOOT_PATCHES': '(unset)' --> 'no' early [0m][0m
[0m[🌿[0m] [0mApplying cmdline param [[1;39m 'BUILD_DESKTOP': '(unset)' --> 'no' early [0m][0m
[0m[🌿[0m] [0mApplying cmdline param [[1;39m 'EXPERT': '(unset)' --> 'yes' early [0m][0m
[0m[🌿[0m] [0mApplying cmdline param [[1;39m 'BRANCH': '(unset)' --> 'current' early [0m][0m
[0m[🌿[0m] [0mApplying cmdline param [[1;39m 'NO_APT_CACHER': '(unset)' --> 'yes' early [0m][0m
[0m[🌿[0m] [0mApplying cmdline param [[1;39m 'BOARD': '(unset)' --> 'geekbox' early [0m][0m
[0m[🌿[0m] [0mApplying cmdline param [[1;39m 'RELEASE': '(unset)' --> 'bookworm' early [0m][0m
[0m[🌿[0m] [0mApplying cmdline param [[1;39m 'KERNEL_CONFIGURE': '(unset)' --> 'no' early [0m][0m
[0m[💥[0m] [0mPROBLEM: don't run ./compile.sh as root or with sudo [[1;31m PROBLEM: don't run ./compile.sh as root or with sudo [0m][0m
[0m[🌱[0m] [0mStarting single build process [[1;32m geekbox [0m][0m
[0m[🌱[0m] [0mSourcing board configuration [[1;32m /app/armbian-build/config/boards/geekbox.conf [0m][0m
[0m[✅[0m] [0mchange-tracking: after sourcing board file config/boards/geekbox.conf [[1;36m [1;34mBOARDFAMILY[0m=[0;34m'[1;34mrockchip64[0;34m' [0m][0m
[0m[✅[0m] [0mchange-tracking: after sourcing board file config/boards/geekbox.conf [[1;36m [1;34mBOOTCONFIG[0m=[0;34m'[1;34mgeekbox_defconfig[0;34m' [0m][0m
[0m[✅[0m] [0mchange-tracking: after sourcing board file config/boards/geekbox.conf [[1;36m [1;34mATF_COMPILE[0m=[0;34m'[1;34myes[0;34m' [0m][0m
[0m[✅[0m] [0mchange-tracking: after defaulting LINUXFAMILY to BOARDFAMILY [[1;36m [1;34mLINUXFAMILY[0m=[0;34m'[1;34mrockchip64[0;34m' [0m][0m
[0m[🌱[0m] [0mStarting main configuration[0m
[0m[🌱[0m] [0mUsing REVISION from [[1;32m main VERSION file: '26.11.0-trunk' [0m][0m
[0m[🌿[0m] [0mEnabling extension [[1;39m armbian-config [0m][0m
[0m[🌿[0m] [0mEnabling extension [[1;39m uboot-binman-fix-pkg-resources [0m][0m
[0m[🌿[0m] [0mEnabling extension [[1;39m uboot-fix-pylibfdt-swig [0m][0m
[0m[🌱[0m] [0mSourcing family configuration [[1;32m /app/armbian-build/config/sources/families/rockchip64.conf [0m][0m
[0m[🌿[0m] [0mEnabling extension [[1;39m rkbin-tools [0m][0m
[0m[🌱[0m] [0mDetermined BOOT_SOC from BOOTCONFIG [[1;32m BOOT_SOC: 'rk3368'; BOOTCONFIG: 'geekbox_defconfig' [0m][0m
[0m[🌱[0m] [0mPreparing boot configuration [[1;32m rockchip64_common::prepare_boot_configuration() [0m][0m
[0m[✅[0m] [0mchange-tracking: after sourcing family config [[1;36m [1;34mKERNEL_MAJOR_MINOR[0m=[0;34m'[1;34m6.18[0;34m' [0m][0m
[0m[✅[0m] [0mchange-tracking: after sourcing family config [[1;36m [1;34mLINUXCONFIG[0m=[0;34m'[1;34mlinux-rockchip64-current[0;34m' [0m][0m
[0m[✅[0m] [0mchange-tracking: after sourcing family config [[1;36m [1;34mBOOTPATCHDIR[0m=[0;34m'[1;34mu-boot-rockchip64[0;34m' [0m][0m
[0m[✅[0m] [0mchange-tracking: after sourcing family config [[1;36m [1;34mATF_COMPILE[0m=[0;34m'[1;34mno[0;34m'  [0m# (was: 'yes') [0m][0m
[0m[✅[0m] [0mchange-tracking: after sourcing family config [[1;36m [1;34mNETWORKING_STACK[0m=[0;34m'[1;34msystemd-networkd[0;34m' [0m][0m
[0m[🌱[0m] [0mSourcing arch configuration [[1;32m arm64.conf [0m][0m
[0m[✅[0m] [0mchange-tracking: after sourcing arm64 arch [[1;36m [1;34mATF_COMPILER[0m=[0;34m'[1;34maarch64-linux-gnu-[0;34m' [0m][0m
[0m[✅[0m] [0mchange-tracking: after sourcing arm64 arch [[1;36m [1;34mKERNEL_COMPILER[0m=[0;34m'[1;34maarch64-linux-gnu-[0;34m' [0m][0m
[0m[✅[0m] [0mchange-tracking: after sourcing arm64 arch [[1;36m [1;34mUBOOT_COMPILER[0m=[0;34m'[1;34maarch64-linux-gnu-[0;34m' [0m][0m
[0m[🌱[0m] [0mUsing NETWORKING_STACK [[1;32m NETWORKING_STACK: systemd-networkd [0m][0m
[0m[🌱[0m] [0mAdding networking extensions [[1;32m net-systemd-networkd, net-systemd-timesyncd [0m][0m
[0m[🌿[0m] [0mEnabling extension [[1;39m net-systemd-networkd [0m][0m
[0m[🌿[0m] [0mEnabling extension [[1;39m net-systemd-timesyncd [0m][0m
[0m[🌱[0m] [0mExtension manager [[1;32m processed 15 Extension Methods calls and 34 Extension Method implementations [0m][0m
[0m[🌱[0m] [0mrockchip64_common: defaulting SERIALCON [[1;32m Setting SERIALCON to ttyS2 for SoC='rk3368' BRANCH='current' [0m][0m
[0m[🌱[0m] [0mExtension: net-systemd-timesyncd: Adding extra packages to image [[1;32m systemd-timesyncd [0m][0m
[0m[🌱[0m] [0mExtension: net-systemd-networkd: Adding extra packages to image [[1;32m netplan.io [0m][0m
[0m[🌱[0m] [0mKERNELPATCHDIR is unset; using 'archive/rockchip64-6.18' [[1;32m common_defaults_for_mainline [0m][0m
[0m[🌱[0m] [0mmainline-kernel: default to branch / rolling stable version [[1;32m Using KERNELBRANCH='branch:linux-6.18.y' for KERNEL_MAJOR_MINOR='6.18' [0m][0m
[0m[✅[0m] [0mchange-tracking: after late_family_config hooks [[1;36m [1;34mKERNELSOURCE[0m=[0;34m'[1;34mhttps://git.kernel.org/pub/scm/linux/kernel/git/stable/linux.git[0;34m' [0m][0m
[0m[✅[0m] [0mchange-tracking: after late_family_config hooks [[1;36m [1;34mKERNELBRANCH[0m=[0;34m'[1;34mbranch:linux-6.18.y[0;34m' [0m][0m
[0m[✅[0m] [0mchange-tracking: after late_family_config hooks [[1;36m [1;34mKERNELPATCHDIR[0m=[0;34m'[1;34marchive/rockchip64-6.18[0;34m' [0m][0m
[0m[✅[0m] [0mchange-tracking: after late_family_config hooks [[1;36m [1;34mKERNEL_PATCH_ARCHIVE_BASE[0m=[0;34m'[1;34mrockchip64[0;34m' [0m][0m
[0m[✅[0m] [0mchange-tracking: after late_family_config hooks [[1;36m [1;34mBOOTSOURCE[0m=[0;34m'[1;34mhttps://github.com/u-boot/u-boot[0;34m' [0m][0m
[0m[✅[0m] [0mchange-tracking: after late_family_config hooks [[1;36m [1;34mBOOTBRANCH[0m=[0;34m'[1;34mtag:v2022.07[0;34m' [0m][0m
[0m[✅[0m] [0mchange-tracking: after late_family_config hooks [[1;36m [1;34mBOOTDIR[0m=[0;34m'[1;34mu-boot[0;34m' [0m][0m
[0m[✅[0m] [0mchange-tracking: before handling KERNEL_MAJOR_MINOR in config_post_main [[1;36m [1;34mBOOTSOURCEDIR[0m=[0;34m'[1;34mu-boot-worktree/u-boot/v2022.07[0;34m' [0m][0m
[0m[🚸[0m] [0mNot-installing software-properties-common [[1;35m For distro 'Debian' release 'bookworm' [0m][0m
[0m[✅[0m] [0mchange-tracking: before calling extension_finish_config [[1;36m [1;34mLINUXSOURCEDIR[0m=[0;34m'[1;34mlinux-kernel-worktree/6.18__rockchip64__arm64[0;34m' [0m][0m
[0m[🌱[0m] [0mChecking [[1;32m basic host setup [0m][0m
[0m[🌱[0m] [0mBuild host OS release [[1;32m noble [0m][0m
[0m[🌱[0m] [0mBuild host architecture [[1;32m amd64 [0m][0m
[0m[🌱[0m] [0mConfiguration prepared for BOARD build [[1;32m geekbox.conf [0m][0m
[0m[✨[0m] [0mRepeat Build Options (early) [[1;32m ./compile.sh BOARD=geekbox BRANCH=current BUILD_DESKTOP=no BUILD_MINIMAL=yes EXPERT=yes IGNORE_UBOOT_PATCHES=no KERNEL_CONFIGURE=no NO_APT_CACHER=yes RELEASE=bookworm [0m][0m
[0m[🌱[0m] [0mChecked directory OK for mount options [[1;32m /app/armbian-build/.tmp ('main temporary dir') [0m][0m
[0m[🌱[0m] [0mPreparing [[1;32m host [0m][0m
[0m[🌱[0m] [0mAdding package to 'host_dependencies' [[1;32m python3-setuptools [0m][0m
[0m[🌱[0m] [0mPython2 not available on host release 'noble' [[1;32m ancient u-boot versions might/will fail to build [0m][0m
[0m[🌱[0m] [0mUpdating apt host-side for installing host-side packages [[1;32m 1 packages [0m][0m
[0m[🌱[0m] [0mInstalling host-side packages [[1;32m python3-setuptools [0m][0m
[0m[🌱[0m] [0mSyncing clock [[1;32m host [0m][0m
[0m[🌱[0m] [0mCross arch build [[1;32m target arm64 on host amd64 [0m][0m
grep: /proc/modules: No such file or directory
[0m[🌱[0m] [0mchecking [[1;32m arch-test for 'arm64' [0m][0m
[0m[🌱[0m] [0mAggregating packages [[1;32m rootfs [0m][0m
[0m[🌱[0m] [0mPython3 version [[1;32m 3.12.3 - 'Python 3.12.3' [0m][0m
[0m[🌱[0m] [0mpip3 version [[1;32m 26.2.1 [0m][0m
[0m[🌱[0m] [0mInstalling pip packages for Python tools [[1;32m ff60e74162 [0m][0m
[0m[🌱[0m] [0mInstalling pip using get-pip.py [[1;32m 26.2.1 [0m][0m
[0m[🌱[0m] [0mInstalling Python dependencies [[1;32m from /app/armbian-build/requirements.txt [0m][0m
[0m[🌱[0m] [0martifact [[1;32m uboot :: uboot() [0m][0m
[0m[🌱[0m] [0mDownloading required [[1;32m ORAS tooling [0m][0m
#=#=#                                                                          ##O#-#                                                                         ##########################################                                58.8%######################################################################## 100.0%
[0m[🌱[0m] [0mProducing new & caching [[1;32m GIT_INFO_UBOOT [0m][0m
[0m[🌱[0m] [0mQuerying git remote for tag 'v2022.07' (annotated or not) [[1;32m --tags https://github.com/u-boot/u-boot v2022.07 v2022.07^{} [0m][0m
[0m[🌱[0m] [0mSHA1 of tag v2022.07 [[1;32m 'e092e3250270a1016c877da7bdd9384f14b1321e' [0m][0m
[0m[🌱[0m] [0mGetting ORAS manifest [[1;32m ORAS manifest from ghcr.io/armbian/os/uboot-geekbox-current:2022.07-Se092-P6023-Hadda-V4114-B6a81-R448a [0m][0m
[0m[🚸[0m] [0mORAS manifest fetch error [[1;35m Error response from registry: denied: requested access to the resource is denied [0m][0m
[0m[🌱[0m] [0mArtifact is not available in remote cache [[1;32m ghcr.io/armbian/os/uboot-geekbox-current:2022.07-Se092-P6023-Hadda-V4114-B6a81-R448a [0m][0m
[0m[🌱[0m] [0mGetting sources from Git [[1;32m rkbin-tools master [0m][0m
[0m[🌿[0m] [0mInitializing empty git local copy [[1;39m git init: rkbin-tools master [0m][0m
[0m[🌿[0m] [0mFetching updates from remote repository [[1;39m rkbin-tools master [0m][0m
[0m[🌱[0m] [0mgit: Fetch from remote completed, rev-parsing... [[1;32m 'rkbin-tools' 'master' 'FETCH_HEAD' [0m][0m
[0m[🌱[0m] [0mInstalling [[1;32m rkbin-tools [0m][0m
[0m[🌱[0m] [0mPreparing u-boot bare git tree [[1;32m ~390 MiB download, first use only [0m][0m
[0m[🌱[0m] [0mPreparing bare u-boot git tree [[1;32m this might take a long time [0m][0m
[0m[🌱[0m] [0mGetting sources from Git [[1;32m u-boot v2022.07 [0m][0m
[0m[🌱[0m] [0mQuerying git remote for tag 'v2022.07' (annotated or not) [[1;32m --tags https://github.com/u-boot/u-boot v2022.07 v2022.07^{} [0m][0m
[0m[🌿[0m] [0mFetching updates from remote repository [[1;39m u-boot v2022.07 [0m][0m
[0m[🌱[0m] [0mgit: Fetch from remote completed, rev-parsing... [[1;32m 'u-boot' 'v2022.07' 'FETCH_HEAD' [0m][0m
[0m[🌿[0m] [0mUsing u-boot revision SHA1 [[1;39m e092e3250270a1016c877da7bdd9384f14b1321e [0m][0m
[0m[🌱[0m] [0mCleaning up u-boot git bundle artifacts [[1;32m no longer needed [0m][0m
[0m[🌱[0m] [0mCompiling u-boot [[1;32m 2022.07 /app/armbian-build/cache/sources/u-boot-worktree/u-boot/v2022.07 [0m][0m
[0m[🌱[0m] [0mCompiler version [[1;32m aarch64-linux-gnu-gcc '13.3.0' [0m][0m
[0m[🌿[0m] [0m{u-boot:1}  Checking out to clean sources SHA1 e092e3250270a1016c877da7bdd9384f14b1321e [[1;39m {u-boot-worktree/u-boot/v2022.07} for  [0m][0m
[0m[🌿[0m] [0m{u-boot:1}  Cleaning u-boot tree [[1;39m u-boot-worktree/u-boot/v2022.07 for '' [0m][0m
[0m[🌱[0m] [0mCalling Python patching script for U-Boot: [[1;32m https://github.com/u-boot/u-boot - tag:v2022.07 [0m][0m
[0m[🌱[0m] [0mUsing U-Boot patch dir: [[1;32m u-boot-rockchip64 [0m][0m
[0m[🌱[0m] [0mPatching binman [[1;32m migrating pkg_resources to importlib.resources [0m][0m
[0m[🌱[0m] [0mPatching pylibfdt [[1;32m SWIG_Python_AppendOutput -> SWIG_AppendOutput in scripts/dtc/pylibfdt/libfdt.i_shipped [0m][0m
[0m[🌱[0m] [0mpylibfdt [[1;32m patched for SWIG >= 4.3 (SWIG_AppendOutput) [0m][0m
[0m[🌱[0m] [0m{u-boot:1} Preparing u-boot config 'geekbox_defconfig' [[1;32m 2022.07  [0m][0m
[0m[🌱[0m] [0m{u-boot:1} Updating u-boot config with olddefconfig [[1;32m 2022.07  [0m][0m
[0m[🌱[0m] [0m{u-boot:1} Compiling u-boot [[1;32m 2022.07  with gcc '13.3.0' [0m][0m
[0m[🌱[0m] [0mCcache result [[1;32m hit=0 miss=0 (0%) [0m][0m
[0m[🌱[0m] [0m{u-boot:1} built u-boot target [[1;32m 2022.07 in 22 seconds [0m][0m
[0m[🌿[0m] [0m{u-boot:1} Postprocessing u-boot [[1;39m 2022.07  [0m][0m
[0m[🌱[0m] [0mgeekbox [[1;32m boots with trusted scenario [0m][0m
[0m[💥[0m] [0merror! [[1;31m "trusted" is an Unsupported Boot Scenario!  [0m][0m
[0m[💥[0m] [0m    👇👇👇 Showing logfile below 👇👇👇 [[1;31m /app/armbian-build/.tmp/logs-1eb5b5e0-f11d-4953-814e-a542908d8792/023.000.compile_uboot.log [0m][0m
[0m[👉]    --> (61) [1;32mINFO[0m: Compiling u-boot [ [1;32m2022.07 /app/armbian-build/cache/sources/u-boot-worktree/u-boot/v2022.07[0m ]
[0m[👉]    --> (61) [1;32mINFO[0m: Compiler version [ [1;32maarch64-linux-gnu-gcc '13.3.0'[0m ]
[0m[👉]    --> (61) [1;39mINFO[0m: {u-boot:1}  Checking out to clean sources SHA1 e092e3250270a1016c877da7bdd9384f14b1321e [ [1;39m{u-boot-worktree/u-boot/v2022.07} for [0m ]
[0m[👉]    --> (62) [1;39mINFO[0m: {u-boot:1}  Cleaning u-boot tree [ [1;39mu-boot-worktree/u-boot/v2022.07 for ''[0m ]
[0m[👉]    --> (62) [0;36mCOMMAND[0m: git --no-pager clean -xfdq
[0m[👉]    --> (62) [1;32mINFO[0m: Calling Python patching script for U-Boot: [ [1;32mhttps://github.com/u-boot/u-boot - tag:v2022.07[0m ]
[0m[👉]    --> (62) [1;32mINFO[0m: Using U-Boot patch dir: [ [1;32mu-boot-rockchip64[0m ]
[0m[👉]    --> (62) [0;36mCOMMAND[0m: [...shortened u-boot patching...] /usr/bin/python3 /app/armbian-build/lib/tools/patching.py
[0m[👉]    [1;33mFailed to parse unidiff for file /app/armbian-build/patch/u-boot/u-boot-rockchip64/add-board-fine3399-dts.patch(:1): 'Hunk diff line expected: 	rk3399-evb.dtb \'[0m
[0m[👉]    [1;33mFailed to parse unidiff for file /app/armbian-build/patch/u-boot/u-boot-rockchip64/add-new-board-xiaobao-nas-dts.patch(:1): 'Hunk diff line expected: 	rk3399pro-rock-pi-n10.dtb \'[0m
[0m[👉]    [1;33mFailed to parse unidiff for file /app/armbian-build/patch/u-boot/u-boot-rockchip64/rk3399-always-init-rkclk.patch(:1): 'Hunk diff line expected: 		rkclk_init(priv->cru);'[0m
[0m[👉]    [1;32mApplying 46 patches from 46 files of which 46 patches in regular, sorted files...[0m
[0m[👉]    [1;32m-> 01/46: 0001-fix-guard-u-boot.its-rule-against-absent-CONFIG_SPL_(:1) (+1/-1)[1M] {Makefile}[0m
[0m[👉]    [1;32m-> 02/46: add-board-clockworkpi-a06(:1) (+242/-0)[1M, 3A] {rk3399-clockworkpi-a06.dts, clockworkpi-a06-rk3399_defconfig, rk3399-clockworkpi-a06-u-boot.dtsi, Makefile}[0m
[0m[👉]    [1;32m-> 03/46: add-board-fine3399-dts(:1) [0m
[0m[👉]    [1;32m-> 04/46: add-board-helios64(:1) (+2109/-0)[2M, 10A] {rk3399-kobol-helios64.dts, helios64.c, sys_otp.c, helios64-rk3399_defconfig, rk3399-kobol-helios64-u-boot.dtsi, helios64.h, Kconfig, sys_otp.h, MAINTAINERS, Makefile}[0m
[0m[👉]    [1;32m-> 05/46: add-board-nanopi-m4v2(:1) (+188/-0)[1M, 3A] {nanopi-m4v2-rk3399_defconfig, rk3399-nanopi-m4v2.dts, rk3399-nanopi-m4v2-u-boot.dtsi, Makefile}[0m
[0m[👉]    [1;32m-> 06/46: add-board-orangepi-4(:1) (+299/-0)[1M, 3A] {rk3399-orangepi-4.dts, orangepi-4-rk3399_defconfig, rk3399-orangepi-4-u-boot.dtsi, Makefile}[0m
[0m[👉]    [1;32m-> 07/46: add-board-orangepi-r1-plus-0(:1) (+506/-0)[1M, 3A] {rk3328-orangepi-r1-plus.dts, orangepi_r1_plus_rk3328_defconfig, rk3328-orangepi-r1-plus-u-boot.dtsi, Makefile}[0m
[0m[👉]    [1;32m-> 08/46: add-board-orangepi-r1-plus-lts(:1) (+713/-0)[2M, 2A] {rk3328-orangepi-r1-plus-lts.dts, orangepi_r1_plus_lts_rk3328_defconfig, phy.c, Makefile}[0m
[0m[👉]    [1;32m-> 09/46: add-board-rock-pi-s(:1) (+339/-1)[1M, 3A] {rk3308-rock-pi-s.dts, rock-pi-s-rk3308_defconfig, rk3308-rock-pi-s-u-boot.dtsi, Makefile}[0m
[0m[👉]    [1;32m-> 10/46: add-new-board-tinker-edge-r(:1) (+1190/-1)[1M, 4A] {rk3399pro-tinker_edge_r.dtsi, tinker-edge-r_rk3399pro_defconfig, rk3399pro-tinker_edge_r-u-boot.dtsi, rk3399pro-tinker_edge_r.dts, Makefile}[0m
[0m[👉]    [1;32m-> 11/46: add-new-board-xiaobao-nas-dts(:1) [0m
[0m[👉]    [1;32m-> 12/46: add-trust-ini(:1) (+15/-0)[1A] {trust.ini}[0m
[0m[👉]    [1;32m-> 13/46: board-pinebook-pro-0001-usb-regulator(:1) (+19/-2)[1M] {rk3399-pinebook-pro.dts}[0m
[0m[👉]    [1;32m-> 14/46: board-pinebook-pro-0002-light-up-leds(:1) (+12/-0)[1M] {rk3399.c}[0m
[0m[👉]    [1;32m-> 15/46: board-pinebook-pro-0003-spi-flash-support(:1) (+14/-1)[2M] {pinebook-pro-rk3399_defconfig, rk3399-pinebook-pro-u-boot.dtsi}[0m
[0m[👉]    [1;32m-> 16/46: board-pinebook-pro-0005-panel-reset(:1) (+9/-1)[1M] {pinebook-pro-rk3399.c}[0m
[0m[👉]    [1;32m-> 17/46: board-pinebook-pro-0007-increase-nvme-timeout(:1) (+6/-0)[1M] {nvme.c}[0m
[0m[👉]    [1;32m-> 18/46: board-rock-pi-4-enable-spi-flash(:1) (+45/-3)[3M] {rk3399-rock-pi-4-u-boot.dtsi, rock-pi-4-rk3399_defconfig, rock-pi-4c-rk3399_defconfig}[0m
[0m[👉]    [1;32m-> 19/46: board-rockpro64-advanced-recovery(:1) (+9/-0)[1M] {rockpro64-rk3399_defconfig}[0m
[0m[👉]    [1;32m-> 20/46: board-rockpro64-disable-preboot(:1) (+0/-1)[1M] {rockpro64-rk3399_defconfig}[0m
[0m[👉]    [1;32m-> 21/46: enable-DT-overlays-support(:1) (+2/-0)[1M] {Kconfig}[0m
[0m[👉]    [1;32m-> 22/46: general-add-xtx-spi-nor-chips(:1) (+11/-0)[2M] {Kconfig, spi-nor-ids.c}[0m
[0m[👉]    [1;32m-> 23/46: general-dwc-otg-usb-fix(:1) (+2/-0)[1M] {dwc2.c}[0m
[0m[👉]    [1;32m-> 24/46: general-fix-compressed-btrfs(:1) (+3/-1)[1M] {inode.c}[0m
[0m[👉]    [1;32m-> 25/46: general-fix-use-semantic-versioning(:1) (+1/-1)[1M] {setup.py}[0m
[0m[👉]    [1;32m-> 26/46: general-fix-zstd-max-window-size(:1) (+7/-2)[1M] {zstd.c}[0m
[0m[👉]    [1;32m-> 27/46: general-set-eth1addr(:1) (+5/-0)[1M] {misc.c}[0m
[0m[👉]    [1;32m-> 28/46: general-support-recovery-button(:1) (+173/-0)[2M] {boot_mode.c, Kconfig}[0m
[0m[👉]    [1;32m-> 29/46: general-support-rmii-integrated-phy(:1) (+453/-46)[10M] {clk_rk3328.c, rk3229-evb.dts, clk_rk322x.c, phy.txt, rk322x.dtsi, evb-rk3229_defconfig, evb-rk3328_defconfig, gmac_rockchip.c, cru_rk322x.h}[0m
[0m[👉]    [1;32m-> 30/46: nanopi-r2s-rk3328_defconfig-0001-enable-setexpr-fmt-regex(:1) (+3/-1)[1M] {nanopi-r2s-rk3328_defconfig}[0m
[0m[👉]    [1;32m-> 31/46: rk3328-efuse-driver(:1) (+87/-2)[2M] {rockchip-efuse.c, rk3328_common.h}[0m
[0m[👉]    [1;32m-> 32/46: rk3328-resets-for-mmc-controllers(:1) (+7/-0)[1M] {rk3328.dtsi}[0m
[0m[👉]    [1;32m-> 33/46: rk3328-sdmmc_ext-node(:1) (+14/-0)[1M] {rk3328.dtsi}[0m
[0m[👉]    [1;32m-> 34/46: rk3399-always-init-rkclk(:1) [0m
[0m[👉]    [1;32m-> 35/46: rk3399-disable-hdmi-roc-pc(:1) (+0/-4)[1M] {roc-pc-rk3399.h}[0m
[0m[👉]    [1;32m-> 36/46: rk3399-disable-hdmi(:1) (+0/-5)[1M] {evb_rk3399.h}[0m
[0m[👉]    [1;32m-> 37/46: rk3399-ehci-probe-usb2(:1) (+8/-0)[1M] {rk3399-u-boot.dtsi}[0m
[0m[👉]    [1;32m-> 38/46: rk3399-enable-stable-mac(:1) (+4/-0)[1M] {rk3399_common.h}[0m
[0m[👉]    [1;32m-> 39/46: rk3399-nanopc-t4-use-1600MHz-sdram-configuration(:1) (+1/-1)[1M] {rk3399-nanopc-t4-u-boot.dtsi}[0m
[0m[👉]    [1;32m-> 40/46: rk3399-populate-child-node-of-syscon(:1) (+3/-0)[1M] {syscon_rk3399.c}[0m
[0m[👉]    [1;32m-> 41/46: rk3399-rp64-kaslr(:1) (+3/-0)[1M] {nanopi-r4s-rk3399_defconfig}[0m
[0m[👉]    [1;32m-> 42/46: rk3399-rp64-rng(:1) (+6/-0)[1M] {rk3399.dtsi}[0m
[0m[👉]    [1;32m-> 43/46: sdmmc-force-fifo-mode-in-spl(:1) (+4/-0)[1M] {rockchip_dw_mmc.c}[0m
[0m[👉]    [1;32m-> 44/46: u-boot-rk-rk3399-usb-start-firefly-rk3399(:1) (+9/-0)[1M] {firefly-rk3399_defconfig}[0m
[0m[👉]    [1;32m-> 45/46: u-boot-rk-rk3399-usb-start-nanopc-t4(:1) (+4/-0)[1M] {nanopc-t4-rk3399_defconfig}[0m
[0m[👉]    [1;32m-> 46/46: u-boot-rk-rk3399-usb-start(:1) (+1/-1)[1M] {rockchip-common.h}[0m
[0m[👉]    [1;32mSummary: u-boot patching: 46 total patches; 46 applied; 39 with problems; 33 needs_rebase; 27 not_mbox; 3 invalid_diff[0m
[0m[👉]    [3m                                                          Summary of u-boot patches                                                           [0m
[0m[👉]    ╭───────────────────────────────────────────────────────────┬─────────────────────────────────────┬──────────────────────────────────────────╮
[0m[👉]    │[1m [0m[1mPatch / Status                                           [0m[1m [0m│[1m [0m[1mDiffstat / files                   [0m[1m [0m│[1m [0m[1mAuthor / Subject                        [0m[1m [0m│
[0m[👉]    ├───────────────────────────────────────────────────────────┼─────────────────────────────────────┼──────────────────────────────────────────┤
[0m[👉]    │ [1;33m0001-fix-guard-u-boot.its-rule-against-absent-CONFIG_SPL_[0m │ (+1/-1)[1M] Makefile                │ Martin Schmiedel: fix: guard u-boot.its  │
[0m[👉]    │                                                           │                                     │ rule against absent                      │
[0m[👉]    │                                                           │                                     │ CONFIG_SPL_FIT_SOURCE                    │
[0m[👉]    ├───────────────────────────────────────────────────────────┼─────────────────────────────────────┼──────────────────────────────────────────┤
[0m[👉]    │ [1;33madd-board-clockworkpi-a06[0m                                 │ (+242/-0)[1M, 3A]                   │ :                                        │
[0m[👉]    │                                                           │ rk3399-clockworkpi-a06.dts,         │                                          │
[0m[👉]    │                                                           │ clockworkpi-a06-rk3399_defconfig,   │                                          │
[0m[👉]    │                                                           │ rk3399-clockworkpi-a06-u-boot.dtsi, │                                          │
[0m[👉]    │                                                           │ Makefile                            │                                          │
[0m[👉]    ├───────────────────────────────────────────────────────────┼─────────────────────────────────────┼──────────────────────────────────────────┤
[0m[👉]    │ [1;33madd-board-fine3399-dts[0m                                    │ (+0/-0)[] ?                         │ :                                        │
[0m[👉]    ├───────────────────────────────────────────────────────────┼─────────────────────────────────────┼──────────────────────────────────────────┤
[0m[👉]    │ [1;33madd-board-helios64[0m                                        │ (+2109/-0)[2M, 10A]                 │ Aditya Prayoga: Patching something       │
[0m[👉]    │                                                           │ rk3399-kobol-helios64.dts,          │                                          │
[0m[👉]    │                                                           │ helios64.c, sys_otp.c,              │                                          │
[0m[👉]    │                                                           │ helios64-rk3399_defconfig,          │                                          │
[0m[👉]    │                                                           │ rk3399-kobol-helios64-u-boot.dtsi,  │                                          │
[0m[👉]    │                                                           │ helios64.h, Kconfig, sys_otp.h,     │                                          │
[0m[👉]    │                                                           │ MAINTAINERS, Makefile               │                                          │
[0m[👉]    ├───────────────────────────────────────────────────────────┼─────────────────────────────────────┼──────────────────────────────────────────┤
[0m[👉]    │ [1;33madd-board-nanopi-m4v2[0m                                     │ (+188/-0)[1M, 3A]                   │ :                                        │
[0m[👉]    │                                                           │ nanopi-m4v2-rk3399_defconfig,       │                                          │
[0m[👉]    │                                                           │ rk3399-nanopi-m4v2.dts,             │                                          │
[0m[👉]    │                                                           │ rk3399-nanopi-m4v2-u-boot.dtsi,     │                                          │
[0m[👉]    │                                                           │ Makefile                            │                                          │
[0m[👉]    ├───────────────────────────────────────────────────────────┼─────────────────────────────────────┼──────────────────────────────────────────┤
[0m[👉]    │ [1;33madd-board-orangepi-4[0m                                      │ (+299/-0)[1M, 3A]                   │ :                                        │
[0m[👉]    │                                                           │ rk3399-orangepi-4.dts,              │                                          │
[0m[👉]    │                                                           │ orangepi-4-rk3399_defconfig,        │                                          │
[0m[👉]    │                                                           │ rk3399-orangepi-4-u-boot.dtsi,      │                                          │
[0m[👉]    │                                                           │ Makefile                            │                                          │
[0m[👉]    ├───────────────────────────────────────────────────────────┼─────────────────────────────────────┼──────────────────────────────────────────┤
[0m[👉]    │ [1;33madd-board-orangepi-r1-plus-0[0m                              │ (+506/-0)[1M, 3A]                   │ :                                        │
[0m[👉]    │                                                           │ rk3328-orangepi-r1-plus.dts,        │                                          │
[0m[👉]    │                                                           │ orangepi_r1_plus_rk3328_defconfig,  │                                          │
[0m[👉]    │                                                           │ rk3328-orangepi-r1-plus-u-boot.dtsi │                                          │
[0m[👉]    │                                                           │ , Makefile                          │                                          │
[0m[👉]    ├───────────────────────────────────────────────────────────┼─────────────────────────────────────┼──────────────────────────────────────────┤
[0m[👉]    │ [1;33madd-board-orangepi-r1-plus-lts[0m                            │ (+713/-0)[2M, 2A]                   │ :                                        │
[0m[👉]    │                                                           │ rk3328-orangepi-r1-plus-lts.dts,    │                                          │
[0m[👉]    │                                                           │ orangepi_r1_plus_lts_rk3328_defconf │                                          │
[0m[👉]    │                                                           │ ig, phy.c, Makefile                 │                                          │
[0m[👉]    ├───────────────────────────────────────────────────────────┼─────────────────────────────────────┼──────────────────────────────────────────┤
[0m[👉]    │ [1;33madd-board-rock-pi-s[0m                                       │ (+339/-1)[1M, 3A]                   │ :                                        │
[0m[👉]    │                                                           │ rk3308-rock-pi-s.dts,               │                                          │
[0m[👉]    │                                                           │ rock-pi-s-rk3308_defconfig,         │                                          │
[0m[👉]    │                                                           │ rk3308-rock-pi-s-u-boot.dtsi,       │                                          │
[0m[👉]    │                                                           │ Makefile                            │                                          │
[0m[👉]    ├───────────────────────────────────────────────────────────┼─────────────────────────────────────┼──────────────────────────────────────────┤
[0m[👉]    │ [1;33madd-new-board-tinker-edge-r[0m                               │ (+1190/-1)[1M, 4A]                  │ ARC-MX: add new borad tinker-edge-r, but │
[0m[👉]    │                                                           │ rk3399pro-tinker_edge_r.dtsi,       │ HDMI 4K still appear half grainy screen  │
[0m[👉]    │                                                           │ tinker-edge-r_rk3399pro_defconfig,  │                                          │
[0m[👉]    │                                                           │ rk3399pro-tinker_edge_r-u-boot.dtsi │                                          │
[0m[👉]    │                                                           │ , rk3399pro-tinker_edge_r.dts,      │                                          │
[0m[👉]    │                                                           │ Makefile                            │                                          │
[0m[👉]    ├───────────────────────────────────────────────────────────┼─────────────────────────────────────┼──────────────────────────────────────────┤
[0m[👉]    │ [1;33madd-new-board-xiaobao-nas-dts[0m                             │ (+0/-0)[] ?                         │ :                                        │
[0m[👉]    ├───────────────────────────────────────────────────────────┼─────────────────────────────────────┼──────────────────────────────────────────┤
[0m[👉]    │ [1;33madd-trust-ini[0m                                             │ (+15/-0)[1A] trust.ini              │ :                                        │
[0m[👉]    ├───────────────────────────────────────────────────────────┼─────────────────────────────────────┼──────────────────────────────────────────┤
[0m[👉]    │ [1;33mboard-pinebook-pro-0001-usb-regulator[0m                     │ (+19/-2)[1M]                        │ Nadia Holmquist Pedersen: Add regulator  │
[0m[👉]    │                                                           │ rk3399-pinebook-pro.dts             │ needed for usage of USB                  │
[0m[👉]    ├───────────────────────────────────────────────────────────┼─────────────────────────────────────┼──────────────────────────────────────────┤
[0m[👉]    │ [1;33mboard-pinebook-pro-0002-light-up-leds[0m                     │ (+12/-0)[1M] rk3399.c               │ dhivael: rk3399: light pinebook power    │
[0m[👉]    │                                                           │                                     │ and standby leds during early boot       │
[0m[👉]    ├───────────────────────────────────────────────────────────┼─────────────────────────────────────┼──────────────────────────────────────────┤
[0m[👉]    │ [1;33mboard-pinebook-pro-0003-spi-flash-support[0m                 │ (+14/-1)[2M]                        │ pcm720: support SPI flash boot           │
[0m[👉]    │                                                           │ pinebook-pro-rk3399_defconfig,      │                                          │
[0m[👉]    │                                                           │ rk3399-pinebook-pro-u-boot.dtsi     │                                          │
[0m[👉]    ├───────────────────────────────────────────────────────────┼─────────────────────────────────────┼──────────────────────────────────────────┤
[0m[👉]    │ [1;32mboard-pinebook-pro-0005-panel-reset[0m                       │ (+9/-1)[1M] pinebook-pro-rk3399.c   │ Arnaud Patard: PBP: Fix panel reset      │
[0m[👉]    ├───────────────────────────────────────────────────────────┼─────────────────────────────────────┼──────────────────────────────────────────┤
[0m[👉]    │ [1;33mboard-pinebook-pro-0007-increase-nvme-timeout[0m             │ (+6/-0)[1M] nvme.c                  │ pcm720: drivers: nvme: address NVMe      │
[0m[👉]    │                                                           │                                     │ instability for Pinebook Pro             │
[0m[👉]    ├───────────────────────────────────────────────────────────┼─────────────────────────────────────┼──────────────────────────────────────────┤
[0m[👉]    │ [1;33mboard-rock-pi-4-enable-spi-flash[0m                          │ (+45/-3)[3M]                        │ :                                        │
[0m[👉]    │                                                           │ rk3399-rock-pi-4-u-boot.dtsi,       │                                          │
[0m[👉]    │                                                           │ rock-pi-4-rk3399_defconfig,         │                                          │
[0m[👉]    │                                                           │ rock-pi-4c-rk3399_defconfig         │                                          │
[0m[👉]    ├───────────────────────────────────────────────────────────┼─────────────────────────────────────┼──────────────────────────────────────────┤
[0m[👉]    │ [1;33mboard-rockpro64-advanced-recovery[0m                         │ (+9/-0)[1M]                         │ :                                        │
[0m[👉]    │                                                           │ rockpro64-rk3399_defconfig          │                                          │
[0m[👉]    ├───────────────────────────────────────────────────────────┼─────────────────────────────────────┼──────────────────────────────────────────┤
[0m[👉]    │ [1;33mboard-rockpro64-disable-preboot[0m                           │ (+0/-1)[1M]                         │ :                                        │
[0m[👉]    │                                                           │ rockpro64-rk3399_defconfig          │                                          │
[0m[👉]    ├───────────────────────────────────────────────────────────┼─────────────────────────────────────┼──────────────────────────────────────────┤
[0m[👉]    │ [1;33menable-DT-overlays-support[0m                                │ (+2/-0)[1M] Kconfig                 │ :                                        │
[0m[👉]    ├───────────────────────────────────────────────────────────┼─────────────────────────────────────┼──────────────────────────────────────────┤
[0m[👉]    │ [1;33mgeneral-add-xtx-spi-nor-chips[0m                             │ (+11/-0)[2M] Kconfig, spi-nor-ids.c │ :                                        │
[0m[👉]    ├───────────────────────────────────────────────────────────┼─────────────────────────────────────┼──────────────────────────────────────────┤
[0m[👉]    │ [1;33mgeneral-dwc-otg-usb-fix[0m                                   │ (+2/-0)[1M] dwc2.c                  │ :                                        │
[0m[👉]    ├───────────────────────────────────────────────────────────┼─────────────────────────────────────┼──────────────────────────────────────────┤
[0m[👉]    │ [1;32mgeneral-fix-compressed-btrfs[0m                              │ (+3/-1)[1M] inode.c                 │ Dominique Martinet: btrfs: fix offset    │
[0m[👉]    │                                                           │                                     │ when reading compressed extents          │
[0m[👉]    ├───────────────────────────────────────────────────────────┼─────────────────────────────────────┼──────────────────────────────────────────┤
[0m[👉]    │ [1;32mgeneral-fix-use-semantic-versioning[0m                       │ (+1/-1)[1M] setup.py                │ ColorfulRhino: Use semantic versioning   │
[0m[👉]    │                                                           │                                     │ for pylibfdt                             │
[0m[👉]    ├───────────────────────────────────────────────────────────┼─────────────────────────────────────┼──────────────────────────────────────────┤
[0m[👉]    │ [1;32mgeneral-fix-zstd-max-window-size[0m                          │ (+7/-2)[1M] zstd.c                  │ Alex Shumsky: Fix invalid maxWindowSize  │
[0m[👉]    │                                                           │                                     │ in zstd_decompress                       │
[0m[👉]    ├───────────────────────────────────────────────────────────┼─────────────────────────────────────┼──────────────────────────────────────────┤
[0m[👉]    │ [1;33mgeneral-set-eth1addr[0m                                      │ (+5/-0)[1M] misc.c                  │ :                                        │
[0m[👉]    ├───────────────────────────────────────────────────────────┼─────────────────────────────────────┼──────────────────────────────────────────┤
[0m[👉]    │ [1;33mgeneral-support-recovery-button[0m                           │ (+173/-0)[2M] boot_mode.c, Kconfig  │ Piotr Szczepanik: Enabled advanced       │
[0m[👉]    │                                                           │                                     │ recovery button support for rockchip     │
[0m[👉]    ├───────────────────────────────────────────────────────────┼─────────────────────────────────────┼──────────────────────────────────────────┤
[0m[👉]    │ [1;33mgeneral-support-rmii-integrated-phy[0m                       │ (+453/-46)[10M] clk_rk3328.c,       │ :                                        │
[0m[👉]    │                                                           │ rk3229-evb.dts, clk_rk322x.c,       │                                          │
[0m[👉]    │                                                           │ phy.txt, rk322x.dtsi,               │                                          │
[0m[👉]    │                                                           │ evb-rk3229_defconfig,               │                                          │
[0m[👉]    │                                                           │ evb-rk3328_defconfig,               │                                          │
[0m[👉]    │                                                           │ gmac_rockchip.c, cru_rk322x.h       │                                          │
[0m[👉]    ├───────────────────────────────────────────────────────────┼─────────────────────────────────────┼──────────────────────────────────────────┤
[0m[👉]    │ [1;32mnanopi-r2s-rk3328_defconfig-0001-enable-setexpr-fmt-regex[0m │ (+3/-1)[1M]                         │ Tom Urlings: Enable monitor command      │
[0m[👉]    │                                                           │ nanopi-r2s-rk3328_defconfig         │ setexpr w/fmt and sub/gsub/regex options │
[0m[👉]    ├───────────────────────────────────────────────────────────┼─────────────────────────────────────┼──────────────────────────────────────────┤
[0m[👉]    │ [1;33mrk3328-efuse-driver[0m                                       │ (+87/-2)[2M] rockchip-efuse.c,      │ :                                        │
[0m[👉]    │                                                           │ rk3328_common.h                     │                                          │
[0m[👉]    ├───────────────────────────────────────────────────────────┼─────────────────────────────────────┼──────────────────────────────────────────┤
[0m[👉]    │ [1;33mrk3328-resets-for-mmc-controllers[0m                         │ (+7/-0)[1M] rk3328.dtsi             │ Paolo Sabatino: rk3328: resets for mmc   │
[0m[👉]    │                                                           │                                     │ controllers                              │
[0m[👉]    ├───────────────────────────────────────────────────────────┼─────────────────────────────────────┼──────────────────────────────────────────┤
[0m[👉]    │ [1;33mrk3328-sdmmc_ext-node[0m                                     │ (+14/-0)[1M] rk3328.dtsi            │ Paolo Sabatino: rk3328: sdmmc_ext node   │
[0m[👉]    ├───────────────────────────────────────────────────────────┼─────────────────────────────────────┼──────────────────────────────────────────┤
[0m[👉]    │ [1;31mrk3399-always-init-rkclk[0m                                  │ (+0/-0)[] ?                         │ :                                        │
[0m[👉]    ├───────────────────────────────────────────────────────────┼─────────────────────────────────────┼──────────────────────────────────────────┤
[0m[👉]    │ [1;33mrk3399-disable-hdmi-roc-pc[0m                                │ (+0/-4)[1M] roc-pc-rk3399.h         │ :                                        │
[0m[👉]    ├───────────────────────────────────────────────────────────┼─────────────────────────────────────┼──────────────────────────────────────────┤
[0m[👉]    │ [1;33mrk3399-disable-hdmi[0m                                       │ (+0/-5)[1M] evb_rk3399.h            │ :                                        │
[0m[👉]    ├───────────────────────────────────────────────────────────┼─────────────────────────────────────┼──────────────────────────────────────────┤
[0m[👉]    │ [1;32mrk3399-ehci-probe-usb2[0m                                    │ (+8/-0)[1M] rk3399-u-boot.dtsi      │ schwar3kat: arm: dts: rockchip: rk3399:  │
[0m[👉]    │                                                           │                                     │ usb: ehci: Fix EHCI probe in rk3399 to   │
[0m[👉]    │                                                           │                                     │ access peripherals by USB 2.             │
[0m[👉]    ├───────────────────────────────────────────────────────────┼─────────────────────────────────────┼──────────────────────────────────────────┤
[0m[👉]    │ [1;33mrk3399-enable-stable-mac[0m                                  │ (+4/-0)[1M] rk3399_common.h         │ :                                        │
[0m[👉]    ├───────────────────────────────────────────────────────────┼─────────────────────────────────────┼──────────────────────────────────────────┤
[0m[👉]    │ [1;32mrk3399-nanopc-t4-use-1600MHz-sdram-configuration[0m          │ (+1/-1)[1M]                         │ Lu jicong: nanopc-t4: use 1600MHz sdram  │
[0m[👉]    │                                                           │ rk3399-nanopc-t4-u-boot.dtsi        │ configuration                            │
[0m[👉]    ├───────────────────────────────────────────────────────────┼─────────────────────────────────────┼──────────────────────────────────────────┤
[0m[👉]    │ [1;33mrk3399-populate-child-node-of-syscon[0m                      │ (+3/-0)[1M] syscon_rk3399.c         │ Aditya Prayoga: arm:rockchip:rk3399:     │
[0m[👉]    │                                                           │                                     │ Populate child node of syscon            │
[0m[👉]    ├───────────────────────────────────────────────────────────┼─────────────────────────────────────┼──────────────────────────────────────────┤
[0m[👉]    │ [1;33mrk3399-rp64-kaslr[0m                                         │ (+3/-0)[1M]                         │ :                                        │
[0m[👉]    │                                                           │ nanopi-r4s-rk3399_defconfig         │                                          │
[0m[👉]    ├───────────────────────────────────────────────────────────┼─────────────────────────────────────┼──────────────────────────────────────────┤
[0m[👉]    │ [1;33mrk3399-rp64-rng[0m                                           │ (+6/-0)[1M] rk3399.dtsi             │ :                                        │
[0m[👉]    ├───────────────────────────────────────────────────────────┼─────────────────────────────────────┼──────────────────────────────────────────┤
[0m[👉]    │ [1;33msdmmc-force-fifo-mode-in-spl[0m                              │ (+4/-0)[1M] rockchip_dw_mmc.c       │ =?UTF-8?q?Kamil=20Trzci=C5=84ski?=:      │
[0m[👉]    │                                                           │                                     │ ayufan: rock64: for SPL build always use │
[0m[👉]    │                                                           │                                     │ fifo-mode                                │
[0m[👉]    ├───────────────────────────────────────────────────────────┼─────────────────────────────────────┼──────────────────────────────────────────┤
[0m[👉]    │ [1;33mu-boot-rk-rk3399-usb-start-firefly-rk3399[0m                 │ (+9/-0)[1M]                         │ :                                        │
[0m[👉]    │                                                           │ firefly-rk3399_defconfig            │                                          │
[0m[👉]    ├───────────────────────────────────────────────────────────┼─────────────────────────────────────┼──────────────────────────────────────────┤
[0m[👉]    │ [1;33mu-boot-rk-rk3399-usb-start-nanopc-t4[0m                      │ (+4/-0)[1M]                         │ :                                        │
[0m[👉]    │                                                           │ nanopc-t4-rk3399_defconfig          │                                          │
[0m[👉]    ├───────────────────────────────────────────────────────────┼─────────────────────────────────────┼──────────────────────────────────────────┤
[0m[👉]    │ [1;33mu-boot-rk-rk3399-usb-start[0m                                │ (+1/-1)[1M] rockchip-common.h       │ :                                        │
[0m[👉]    ╰───────────────────────────────────────────────────────────┴─────────────────────────────────────┴──────────────────────────────────────────╯
[0m[👉]    --> (63) [0;36mCOMMAND[0m: cat /app/armbian-build/.tmp/work-1eb5b5e0-f11d-4953-814e-a542908d8792/tmp.RXoSu0bV0N
[0m[👉]    --> (63) [0;36mCOMMAND[0m: rm -f /app/armbian-build/.tmp/work-1eb5b5e0-f11d-4953-814e-a542908d8792/tmp.RXoSu0bV0N
[0m[👉]    --> (63) [1;32mINFO[0m: Patching binman [ [1;32mmigrating pkg_resources to importlib.resources[0m ]
[0m[👉]    binman control.py patched successfully
[0m[👉]    --> (63) [1;32mINFO[0m: Patching pylibfdt [ [1;32mSWIG_Python_AppendOutput -> SWIG_AppendOutput in scripts/dtc/pylibfdt/libfdt.i_shipped[0m ]
[0m[👉]    --> (63) [1;32mINFO[0m: pylibfdt [ [1;32mpatched for SWIG >= 4.3 (SWIG_AppendOutput)[0m ]
[0m[👉]    --> (63) [1;32mINFO[0m: {u-boot:1} Preparing u-boot config 'geekbox_defconfig' [ [1;32m2022.07 [0m ]
[0m[👉]    --> (63) [0;36mCOMMAND[0m: CCACHE_BASEDIR=/app/armbian-build/cache/sources/u-boot-worktree/u-boot/v2022.07 KCFLAGS=-fdiagnostics-color=always pipetty make -j6 geekbox_defconfig CROSS_COMPILE='aarch64-linux-gnu-'
[0m[👉]      HOSTCC  scripts/basic/fixdep
[0m[👉]      HOSTCC  scripts/kconfig/conf.o
[0m[👉]      YACC    scripts/kconfig/zconf.tab.c
[0m[👉]      LEX     scripts/kconfig/zconf.lex.c
[0m[👉]      HOSTCC  scripts/kconfig/zconf.tab.o
[0m[👉]      HOSTLD  scripts/kconfig/conf
[0m[👉]    #
[0m[👉]    # configuration written to .config
[0m[👉]    #
[0m[👉]    --> (67) [1;32mINFO[0m: {u-boot:1} Updating u-boot config with olddefconfig [ [1;32m2022.07 [0m ]
[0m[👉]    --> (67) [0;36mCOMMAND[0m: CCACHE_BASEDIR=/app/armbian-build/cache/sources/u-boot-worktree/u-boot/v2022.07 KCFLAGS=-fdiagnostics-color=always pipetty make -j6 olddefconfig CROSS_COMPILE='aarch64-linux-gnu-'
[0m[👉]    scripts/kconfig/conf  --olddefconfig Kconfig
[0m[👉]    .config:1582:warning: override: reassigning to symbol BOOTDELAY
[0m[👉]    #
[0m[👉]    # configuration written to .config
[0m[👉]    #
[0m[👉]    --> (67) [1;32mINFO[0m: {u-boot:1} Compiling u-boot [ [1;32m2022.07  with gcc '13.3.0'[0m ]
[0m[👉]    --> (67) [0;36mCOMMAND[0m: ccache --zero-stats
[0m[👉]    Statistics zeroed
[0m[👉]    --> (67) [0;36mCOMMAND[0m: env -i PATH='/app/armbian-build/.tmp/work-1eb5b5e0-f11d-4953-814e-a542908d8792/bin:/usr/local/sbin:/usr/local/bin:/usr/sbin:/usr/bin:/sbin:/bin:/snap/bin' CFLAGS='-fdiagnostics-color=always -Wno-error=maybe-uninitialized -Wno-error=misleading-indentation -Wno-error=attributes -Wno-error=address-of-packed-member -Wno-error=implicit-function-declaration -Wno-error=implicit-int -Wno-error=int-conversion -Wno-error=incompatible-pointer-types -Wno-error=array-parameter' KCFLAGS='-fdiagnostics-color=always -Wno-error=maybe-uninitialized -Wno-error=misleading-indentation -Wno-error=attributes -Wno-error=address-of-packed-member -Wno-error=implicit-function-declaration -Wno-error=implicit-int -Wno-error=int-conversion -Wno-error=incompatible-pointer-types -Wno-error=array-parameter' CCACHE_BASEDIR=/app/armbian-build/cache/sources/u-boot-worktree/u-boot/v2022.07 PYTHONPATH="/app/armbian-build/cache/pip/base/lib/python3.12/site-packages:" CCACHE_TEMPDIR='/app/armbian-build/.tmp/work-1eb5b5e0-f11d-4953-814e-a542908d8792/ccache_tmp' pipetty make  -j6 CROSS_COMPILE="aarch64-linux-gnu-"
[0m[👉]    scripts/kconfig/conf  --syncconfig Kconfig
[0m[👉]      UPD     include/config.h
[0m[👉]      CFG     u-boot.cfg
[0m[👉]      GEN     include/autoconf.mk.dep
[0m[👉]      GEN     include/autoconf.mk
[0m[👉]      UPD     include/generated/dt.h
[0m[👉]      UPD     include/generated/timestamp_autogenerated.h
[0m[👉]      ENVC    include/generated/env.txt
[0m[👉]      UPD     include/config/uboot.release
[0m[👉]      ENVP    include/generated/env.in
[0m[👉]      UPD     include/generated/version_autogenerated.h
[0m[👉]      ENVT    include/generated/environment.h
[0m[👉]      HOSTCC  scripts/dtc/dtc.o
[0m[👉]      HOSTCC  scripts/dtc/flattree.o
[0m[👉]      HOSTCC  scripts/dtc/data.o
[0m[👉]      HOSTCC  scripts/dtc/fstree.o
[0m[👉]      HOSTCC  scripts/dtc/livetree.o
[0m[👉]      HOSTCC  scripts/dtc/treesource.o
[0m[👉]      HOSTCC  scripts/dtc/srcpos.o
[0m[👉]      HOSTCC  scripts/dtc/checks.o
[0m[👉]      HOSTCC  scripts/dtc/util.o
[0m[👉]      LEX     scripts/dtc/dtc-lexer.lex.c
[0m[👉]      YACC    scripts/dtc/dtc-parser.tab.h
[0m[👉]      YACC    scripts/dtc/dtc-parser.tab.c
[0m[👉]    ===================== WARNING ======================
[0m[👉]    This board does not use CONFIG_DM_ETH (Driver Model
[0m[👉]    for Ethernet drivers). Please update the board to use
[0m[👉]    CONFIG_DM_ETH before the v2020.07 release. Failure to
[0m[👉]    update by the deadline may result in board removal.
[0m[👉]    See doc/develop/driver-model/migration.rst for more info.
[0m[👉]    ====================================================
[0m[👉]      HOSTCC  scripts/dtc/dtc-lexer.lex.o
[0m[👉]      CFGCHK  u-boot.cfg
[0m[👉]      CC      lib/asm-offsets.s
[0m[👉]      CC      arch/arm/lib/asm-offsets.s
[0m[👉]      HOSTCC  scripts/dtc/dtc-parser.tab.o
[0m[👉]      UPD     include/generated/generic-asm-offsets.h
[0m[👉]      UPD     include/generated/asm-offsets.h
[0m[👉]      OFCHK   .config
[0m[👉]      LDS     u-boot.lds
[0m[👉]      HOSTLD  scripts/dtc/dtc
[0m[👉]      HOSTCC  tools/gen_eth_addr
[0m[👉]      HOSTCC  tools/gen_ethaddr_crc.o
[0m[👉]      WRAP    tools/lib/crc8.c
[0m[👉]      HOSTCC  tools/img2srec
[0m[👉]      HOSTCC  tools/mkenvimage.o
[0m[👉]      HOSTCC  tools/os_support.o
[0m[👉]      WRAP    tools/lib/crc32.c
[0m[👉]      HOSTCC  tools/aisimage.o
[0m[👉]      HOSTCC  tools/atmelimage.o
[0m[👉]      HOSTCC  tools/fit_common.o
[0m[👉]      HOSTCC  tools/fit_image.o
[0m[👉]      HOSTCC  tools/image-host.o
[0m[👉]      WRAP    tools/boot/image-fit.c
[0m[👉]      HOSTCC  tools/image-sig-host.o
[0m[👉]      WRAP    tools/boot/image-fit-sig.c
[0m[👉]      WRAP    tools/boot/image-cipher.c
[0m[👉]      WRAP    tools/boot/fdt_region.c
[0m[👉]      WRAP    tools/boot/bootm.c
[0m[👉]      HOSTCC  tools/lib/crc32.o
[0m[👉]      HOSTCC  tools/default_image.o
[0m[👉]      WRAP    tools/lib/fdtdec_common.c
[0m[👉]      WRAP    tools/lib/fdtdec.c
[0m[👉]      WRAP    tools/boot/image.c
[0m[👉]      WRAP    tools/boot/image-host.c
[0m[👉]      HOSTCC  tools/imagetool.o
[0m[👉]      HOSTCC  tools/imximage.o
[0m[👉]      HOSTCC  tools/imx8image.o
[0m[👉]      HOSTCC  tools/imx8mimage.o
[0m[👉]      HOSTCC  tools/kwbimage.o
[0m[👉]      WRAP    tools/lib/md5.c
[0m[👉]      HOSTCC  tools/lpc32xximage.o
[0m[👉]      HOSTCC  tools/mxsimage.o
[0m[👉]      HOSTCC  tools/omapimage.o
[0m[👉]      HOSTCC  tools/pblimage.o
[0m[👉]      HOSTCC  tools/pbl_crc32.o
[0m[👉]      HOSTCC  tools/vybridimage.o
[0m[👉]      HOSTCC  tools/stm32image.o
[0m[👉]      WRAP    tools/lib/rc4.c
[0m[👉]      HOSTCC  tools/rkcommon.o
[0m[👉]      HOSTCC  tools/rkimage.o
[0m[👉]      HOSTCC  tools/rksd.o
[0m[👉]      HOSTCC  tools/rkspi.o
[0m[👉]      HOSTCC  tools/socfpgaimage.o
[0m[👉]      HOSTCC  tools/sunxi_egon.o
[0m[👉]      WRAP    tools/lib/crc16-ccitt.c
[0m[👉]      WRAP    tools/lib/hash-checksum.c
[0m[👉]      WRAP    tools/lib/sha1.c
[0m[👉]      WRAP    tools/lib/sha256.c
[0m[👉]      WRAP    tools/lib/sha512.c
[0m[👉]      WRAP    tools/common/hash.c
[0m[👉]      HOSTCC  tools/ublimage.o
[0m[👉]      HOSTCC  tools/zynqimage.o
[0m[👉]      HOSTCC  tools/zynqmpimage.o
[0m[👉]      HOSTCC  tools/zynqmpbif.o
[0m[👉]      WRAP    tools/lib/fdt-libcrypto.c
[0m[👉]      HOSTCC  tools/sunxi_toc0.o
[0m[👉]      HOSTCC  tools/libfdt/fdt.o
[0m[👉]      HOSTCC  tools/libfdt/fdt_ro.o
[0m[👉]      HOSTCC  tools/libfdt/fdt_wip.o
[0m[👉]      HOSTCC  tools/libfdt/fdt_sw.o
[0m[👉]      HOSTCC  tools/libfdt/fdt_rw.o
[0m[👉]      HOSTCC  tools/libfdt/fdt_strerror.o
[0m[👉]      HOSTCC  tools/libfdt/fdt_empty_tree.o
[0m[👉]      HOSTCC  tools/libfdt/fdt_addresses.o
[0m[👉]      HOSTCC  tools/libfdt/fdt_overlay.o
[0m[👉]      HOSTCC  tools/gpimage.o
[0m[👉]      HOSTCC  tools/gpimage-common.o
[0m[👉]      HOSTCC  tools/mtk_image.o
[0m[👉]      WRAP    tools/lib/ecdsa/ecdsa-libcrypto.c
[0m[👉]      WRAP    tools/lib/rsa/rsa-sign.c
[0m[👉]      WRAP    tools/lib/rsa/rsa-verify.c
[0m[👉]      WRAP    tools/lib/rsa/rsa-mod-exp.c
[0m[👉]      WRAP    tools/lib/aes/aes-encrypt.c
[0m[👉]      WRAP    tools/lib/aes/aes-decrypt.c
[0m[👉]      HOSTCC  tools/dumpimage.o
[0m[👉]      HOSTCC  tools/boot/image-fit.o
[0m[👉]      HOSTCC  tools/boot/image-fit-sig.o
[0m[👉]      HOSTCC  tools/boot/image-cipher.o
[0m[👉]      HOSTCC  tools/boot/fdt_region.o
[0m[👉]      HOSTCC  tools/boot/bootm.o
[0m[👉]      HOSTCC  tools/lib/fdtdec_common.o
[0m[👉]      HOSTCC  tools/lib/fdtdec.o
[0m[👉]      HOSTCC  tools/boot/image.o
[0m[👉]      HOSTCC  tools/boot/image-host.o
[0m[👉]      HOSTCC  tools/lib/md5.o
[0m[👉]      HOSTCC  tools/lib/rc4.o
[0m[👉]      HOSTCC  tools/lib/crc16-ccitt.o
[0m[👉]      HOSTCC  tools/lib/hash-checksum.o
[0m[👉]      HOSTCC  tools/lib/sha1.o
[0m[👉]      HOSTCC  tools/lib/sha256.o
[0m[👉]      HOSTCC  tools/lib/sha512.o
[0m[👉]      HOSTCC  tools/common/hash.o
[0m[👉]      HOSTCC  tools/lib/fdt-libcrypto.o
[0m[👉]      HOSTCC  tools/lib/ecdsa/ecdsa-libcrypto.o
[0m[👉]      HOSTCC  tools/lib/rsa/rsa-sign.o
[0m[👉]      HOSTCC  tools/lib/rsa/rsa-verify.o
[0m[👉]      HOSTCC  tools/lib/rsa/rsa-mod-exp.o
[0m[👉]      HOSTCC  tools/lib/aes/aes-encrypt.o
[0m[👉]    In file included from tools/lib/rsa/rsa-verify.c:1:
[0m[👉]    ./tools/../lib/rsa/rsa-verify.c: In function 'padding_pss_verify':
[0m[👉]    ./tools/../lib/rsa/rsa-verify.c:275:11: warning: '*db' may be used uninitialized [-Wmaybe-uninitialized]
[0m[👉]      275 |         db[0] &= 0xff >> leftmost_bits;
[0m[👉]          |         ~~^~~
[0m[👉]    ./tools/../lib/rsa/rsa-verify.c:275:11: warning: '*db' may be used uninitialized [-Wmaybe-uninitialized]
[0m[👉]      HOSTCC  tools/lib/aes/aes-decrypt.o
[0m[👉]      HOSTCC  tools/mkimage.o
[0m[👉]      HOSTCC  tools/fit_info.o
[0m[👉]      HOSTCC  tools/fit_check_sign.o
[0m[👉]      HOSTCC  tools/proftool
[0m[👉]      HOSTCC  tools/relocate-rela
[0m[👉]      HOSTCC  tools/fdtgrep.o
[0m[👉]      HOSTCC  tools/spl_size_limit
[0m[👉]      HOSTCC  tools/lib/crc8.o
[0m[👉]      HOSTLD  tools/mkenvimage
[0m[👉]      HOSTLD  tools/dumpimage
[0m[👉]      HOSTLD  tools/fit_info
[0m[👉]      HOSTLD  tools/fit_check_sign
[0m[👉]      HOSTLD  tools/gen_ethaddr_crc
[0m[👉]      HOSTLD  tools/mkimage
[0m[👉]      HOSTLD  tools/fdtgrep
[0m[👉]      AR      arch/arm/cpu/built-in.o
[0m[👉]      CC      arch/arm/cpu/armv8/cpu.o
[0m[👉]      CC      arch/arm/cpu/armv8/generic_timer.o
[0m[👉]      AS      arch/arm/lib/crt0_64.o
[0m[👉]      CC      arch/arm/cpu/armv8/cache_v8.o
[0m[👉]      CC      board/geekbuying/geekbox/geekbox.o
[0m[👉]      CC      arch/arm/mach-rockchip/rk3368/clk_rk3368.o
[0m[👉]      AS      arch/arm/lib/setjmp_aarch64.o
[0m[👉]      AR      board/geekbuying/geekbox/built-in.o
[0m[👉]      AS      arch/arm/lib/relocate_64.o
[0m[👉]      CC      arch/arm/lib/bootm-fdt.o
[0m[👉]      AS      arch/arm/cpu/armv8/cache.o
[0m[👉]      AS      arch/arm/cpu/armv8/exceptions.o
[0m[👉]      CC      arch/arm/mach-rockchip/rk3368/rk3368.o
[0m[👉]      CC      arch/arm/mach-rockchip/boot_mode.o
[0m[👉]      CC      arch/arm/cpu/armv8/exception_level.o
[0m[👉]      CC      arch/arm/lib/bootm.o
[0m[👉]      CC      arch/arm/mach-rockchip/rk3368/syscon_rk3368.o
[0m[👉]      AS      arch/arm/cpu/armv8/tlb.o
[0m[👉]      CC      boot/bootm.o
[0m[👉]      AS      arch/arm/cpu/armv8/transition.o
[0m[👉]      AR      arch/arm/mach-rockchip/rk3368/built-in.o
[0m[👉]      CC      arch/arm/mach-rockchip/board.o
[0m[👉]      CC      arch/arm/cpu/armv8/fwcall.o
[0m[👉]      CC      arch/arm/lib/image.o
[0m[👉]      CC      arch/arm/cpu/armv8/cpu-dt.o
[0m[👉]      CC      arch/arm/lib/bdinfo.o
[0m[👉]      CC      arch/arm/mach-rockchip/sdram.o
[0m[👉]      AS      arch/arm/cpu/armv8/smccc-call.o
[0m[👉]      CC      arch/arm/lib/sections.o
[0m[👉]      CC      boot/bootm_os.o
[0m[👉]      AS      arch/arm/cpu/armv8/start.o
[0m[👉]      CC      arch/arm/lib/stack.o
[0m[👉]      AR      arch/arm/cpu/armv8/built-in.o
[0m[👉]      CC      arch/arm/lib/interrupts_64.o
[0m[👉]      AR      cmd/arm/built-in.o
[0m[👉]      CC      cmd/boot.o
[0m[👉]      CC      cmd/bootm.o
[0m[👉]      CC      boot/pxe_utils.o
[0m[👉]      CC      arch/arm/lib/cache.o
[0m[👉]      CC      arch/arm/lib/psci-dt.o
[0m[👉]      CC      cmd/help.o
[0m[👉]      AR      arch/arm/lib/lib.a
[0m[👉]      CC      cmd/panic.o
[0m[👉]      AR      arch/arm/lib/built-in.o
[0m[👉]      CC      cmd/version.o
[0m[👉]      CC      cmd/blk_common.o
[0m[👉]      CC      cmd/bootflow.o
[0m[👉]      CC      boot/image.o
[0m[👉]      CC      cmd/source.o
[0m[👉]      CC      cmd/bdinfo.o
[0m[👉]      CC      boot/image-board.o
[0m[👉]      CC      cmd/blkcache.o
[0m[👉]      CC      cmd/booti.o
[0m[👉]      CC      cmd/console.o
[0m[👉]      CC      boot/bootdev-uclass.o
[0m[👉]      CC      cmd/dm.o
[0m[👉]      CC      cmd/echo.o
[0m[👉]      CC      cmd/elf.o
[0m[👉]      CC      boot/system_bootdev.o
[0m[👉]      CC      cmd/exit.o
[0m[👉]      CC      boot/bootflow.o
[0m[👉]      CC      cmd/ext4.o
[0m[👉]      CC      cmd/ext2.o
[0m[👉]      CC      cmd/fat.o
[0m[👉]      CC      boot/bootmeth-uclass.o
[0m[👉]      CC      cmd/fdt.o
[0m[👉]      CC      boot/bootstd-uclass.o
[0m[👉]      CC      boot/bootmeth_distro.o
[0m[👉]      AR      arch/arm/mach-rockchip/built-in.o
[0m[👉]      CC      boot/image-fdt.o
[0m[👉]      CC      cmd/fs.o
[0m[👉]      CC      cmd/itest.o
[0m[👉]      CC      common/init/board_init.o
[0m[👉]      CC      disk/part.o
[0m[👉]      CC      cmd/load.o
[0m[👉]      CC      cmd/mem.o
[0m[👉]      AR      common/init/built-in.o
[0m[👉]      CC      cmd/mii.o
[0m[👉]      CC      common/main.o
[0m[👉]      AR      boot/built-in.o
[0m[👉]      CC      common/exports.o
[0m[👉]      CC      disk/disk-uclass.o
[0m[👉]      CC      drivers/adc/adc-uclass.o
[0m[👉]      CC      cmd/sleep.o
[0m[👉]      CC      common/cli_hush.o
[0m[👉]      CC      disk/part_dos.o
[0m[👉]      CC      common/autoboot.o
[0m[👉]      CC      cmd/legacy-mtd-utils.o
[0m[👉]      CC      disk/part_iso.o
[0m[👉]      CC      cmd/net.o
[0m[👉]      CC      drivers/adc/rockchip-saradc.o
[0m[👉]      CC      disk/part_efi.o
[0m[👉]      AR      drivers/usb/cdns3/built-in.o
[0m[👉]      AR      drivers/ata/built-in.o
[0m[👉]      AR      drivers/usb/common/built-in.o
[0m[👉]      CC      cmd/part.o
[0m[👉]      AR      drivers/usb/dwc3/built-in.o
[0m[👉]      CC      common/board_f.o
[0m[👉]      CC      cmd/pinmux.o
[0m[👉]      AR      drivers/adc/built-in.o
[0m[👉]      AR      drivers/axi/built-in.o
[0m[👉]      CC      drivers/block/blk-uclass.o
[0m[👉]      CC      common/board_r.o
[0m[👉]      CC      cmd/pxe.o
[0m[👉]      AR      drivers/bus/built-in.o
[0m[👉]      AR      drivers/usb/emul/built-in.o
[0m[👉]      AR      drivers/cache/built-in.o
[0m[👉]      CC      cmd/sf.o
[0m[👉]      AR      drivers/usb/eth/built-in.o
[0m[👉]      CC      drivers/block/blkcache.o
[0m[👉]      AR      drivers/usb/host/built-in.o
[0m[👉]      AR      disk/built-in.o
[0m[👉]      AR      drivers/usb/mtu3/built-in.o
[0m[👉]      CC      common/board_info.o
[0m[👉]      AR      drivers/clk/analogbits/built-in.o
[0m[👉]      AR      drivers/clk/imx/built-in.o
[0m[👉]      CC      drivers/clk/rockchip/clk_pll.o
[0m[👉]      CC      drivers/core/device.o
[0m[👉]      AR      drivers/block/built-in.o
[0m[👉]      CC      common/fdt_support.o
[0m[👉]      AR      drivers/usb/musb-new/built-in.o
[0m[👉]      CC      cmd/setexpr.o
[0m[👉]      AR      drivers/crypto/aspeed/built-in.o
[0m[👉]      CC      drivers/crypto/fsl/sec.o
[0m[👉]      AR      drivers/crypto/hash/built-in.o
[0m[👉]      CC      drivers/clk/rockchip/clk_rk3368.o
[0m[👉]      AR      drivers/crypto/rsa_mod_exp/built-in.o
[0m[👉]      AR      drivers/clk/tegra/built-in.o
[0m[👉]      AR      drivers/crypto/fsl/built-in.o
[0m[👉]      AR      drivers/clk/ti/built-in.o
[0m[👉]      CC      drivers/core/fdtaddr.o
[0m[👉]      AR      drivers/crypto/built-in.o
[0m[👉]      AR      drivers/dfu/built-in.o
[0m[👉]      CC      drivers/firmware/firmware-uclass.o
[0m[👉]      CC      cmd/sysboot.o
[0m[👉]      CC      common/miiphyutil.o
[0m[👉]      AR      drivers/clk/rockchip/built-in.o
[0m[👉]      CC      drivers/firmware/psci.o
[0m[👉]      CC      drivers/clk/clk-uclass.o
[0m[👉]      CC      cmd/test.o
[0m[👉]      CC      drivers/core/lists.o
[0m[👉]      CC      cmd/unlz4.o
[0m[👉]      AR      drivers/firmware/built-in.o
[0m[👉]      CC      drivers/core/root.o
[0m[👉]      CC      common/splash.o
[0m[👉]      CC      cmd/unzip.o
[0m[👉]      AR      drivers/usb/musb/built-in.o
[0m[👉]      CC      drivers/clk/clk_fixed_rate.o
[0m[👉]      CC      common/menu.o
[0m[👉]      CC      drivers/clk/clk_fixed_factor.o
[0m[👉]      CC      drivers/core/uclass.o
[0m[👉]      CC      cmd/lzmadec.o
[0m[👉]      CC      cmd/ximg.o
[0m[👉]      AR      drivers/clk/built-in.o
[0m[👉]      CC      common/cli_readline.o
[0m[👉]      CC      drivers/core/util.o
[0m[👉]      CC      drivers/gpio/gpio-uclass.o
[0m[👉]      AR      drivers/usb/phy/built-in.o
[0m[👉]      CC      cmd/nvedit.o
[0m[👉]      AR      drivers/usb/ulpi/built-in.o
[0m[👉]      CC      env/common.o
[0m[👉]      CC      drivers/core/tag.o
[0m[👉]      CC      common/cli_simple.o
[0m[👉]      CC      drivers/i2c/i2c-uclass.o
[0m[👉]      CC      drivers/core/device-remove.o
[0m[👉]      CC      common/bouncebuf.o
[0m[👉]      CC      env/env.o
[0m[👉]      AR      drivers/gpio/built-in.o
[0m[👉]      CC      common/console.o
[0m[👉]      AR      cmd/built-in.o
[0m[👉]      CC      drivers/input/key_matrix.o
[0m[👉]      CC      drivers/core/simple-bus.o
[0m[👉]      CC      env/attr.o
[0m[👉]      CC      fs/ext4/ext4fs.o
[0m[👉]      AR      drivers/i2c/built-in.o
[0m[👉]      CC      drivers/core/dump.o
[0m[👉]      AR      drivers/input/built-in.o
[0m[👉]      AR      drivers/iommu/built-in.o
[0m[👉]      CC      common/dlmalloc.o
[0m[👉]      CC      common/malloc_simple.o
[0m[👉]      CC      fs/fat/fat_write.o
[0m[👉]      CC      env/flags.o
[0m[👉]      CC      fs/ext4/ext4_common.o
[0m[👉]      AR      lib/crypto/built-in.o
[0m[👉]      CC      drivers/core/regmap.o
[0m[👉]      CC      lib/libfdt/fdt.o
[0m[👉]      CC      env/callback.o
[0m[👉]      CC      common/hash.o
[0m[👉]      CC      lib/libfdt/fdt_ro.o
[0m[👉]      CC      env/nowhere.o
[0m[👉]      CC      fs/ext4/dev.o
[0m[👉]      CC      common/memsize.o
[0m[👉]      AR      env/built-in.o
[0m[👉]      AR      fs/ext4/built-in.o
[0m[👉]      AR      drivers/mailbox/built-in.o
[0m[👉]      CC      fs/fs.o
[0m[👉]      CC      fs/fs_internal.o
[0m[👉]      CC      common/stdio.o
[0m[👉]      CC      drivers/core/syscon-uclass.o
[0m[👉]      CC      common/cli.o
[0m[👉]      CC      lib/lzma/LzmaDec.o
[0m[👉]      CC      drivers/core/of_extra.o
[0m[👉]      CC      common/command.o
[0m[👉]    [01m[Kcommon/command.c:586:20:[m[K [01;35m[Kwarning: [m[Kconflicting types for '[01m[Kcmd_process[m[K' due to enum/integer mismatch; have '[01m[Kenum command_ret_t(int,  int,  char * const*, int *, ulong *)[m[K' {aka '[01m[Kenum command_ret_t(int,  int,  char * const*, int *, long unsigned int *)[m[K'} [[01;35m[K-Wenum-int-mismatch[m[K]
[0m[👉]      586 | enum command_ret_t [01;35m[Kcmd_process[m[K(int flag, int argc, char *const argv[],
[0m[👉]          |                    [01;35m[K^~~~~~~~~~~[m[K
[0m[👉]    In file included from [01m[Kcommon/command.c:13[m[K:
[0m[👉]    [01m[Kinclude/command.h:234:5:[m[K [01;36m[Knote: [m[Kprevious declaration of '[01m[Kcmd_process[m[K' with type '[01m[Kint(int,  int,  char * const*, int *, long unsigned int *)[m[K'
[0m[👉]      234 | int [01;36m[Kcmd_process[m[K(int flag, int argc, char *const argv[], int *repeatable,
[0m[👉]          |     [01;36m[K^~~~~~~~~~~[m[K
[0m[👉]      CC      lib/libfdt/fdt_wip.o
[0m[👉]      CC      drivers/core/ofnode.o
[0m[👉]      CC      net/arp.o
[0m[👉]      CC      lib/libfdt/fdt_strerror.o
[0m[👉]      CC      common/s_record.o
[0m[👉]      CC      lib/libfdt/fdt_sw.o
[0m[👉]      CC      net/bootp.o
[0m[👉]      CC      common/xyzModem.o
[0m[👉]      AR      fs/fat/built-in.o
[0m[👉]      AR      fs/built-in.o
[0m[👉]      CC      lib/lzma/LzmaTools.o
[0m[👉]      AR      drivers/memory/built-in.o
[0m[👉]      AR      lib/lzma/built-in.o
[0m[👉]      AR      drivers/misc/built-in.o
[0m[👉]      CC      lib/zlib/zlib.o
[0m[👉]      CC      drivers/core/read_extra.o
[0m[👉]      CC      net/eth_legacy.o
[0m[👉]      CC      lib/libfdt/fdt_rw.o
[0m[👉]      AR      common/built-in.o
[0m[👉]      CC      lib/libfdt/fdt_empty_tree.o
[0m[👉]      AR      drivers/core/built-in.o
[0m[👉]      CC      lib/crc8.o
[0m[👉]      CC      drivers/mmc/mmc.o
[0m[👉]      CC      net/eth_common.o
[0m[👉]      AR      drivers/mtd/nand/built-in.o
[0m[👉]      AR      drivers/mtd/onenand/built-in.o
[0m[👉]      CC      drivers/mtd/spi/sf-uclass.o
[0m[👉]      CC      net/net.o
[0m[👉]      CC      lib/libfdt/fdt_addresses.o
[0m[👉]      CC      drivers/mtd/spi/sf_probe.o
[0m[👉]      CC      lib/libfdt/fdt_overlay.o
[0m[👉]      CC      net/nfs.o
[0m[👉]      CC      drivers/mtd/spi/spi-nor-ids.o
[0m[👉]      CC      drivers/mtd/spi/spi-nor-core.o
[0m[👉]      CC      drivers/mmc/mmc-uclass.o
[0m[👉]      AR      lib/libfdt/built-in.o
[0m[👉]      CC      lib/crc16.o
[0m[👉]      CC      drivers/mmc/mmc_bootdev.o
[0m[👉]      AR      lib/zlib/built-in.o
[0m[👉]      AR      drivers/net/mscc_eswitch/built-in.o
[0m[👉]      CC      lib/crc16-ccitt.o
[0m[👉]      AR      drivers/net/phy/built-in.o
[0m[👉]      CC      drivers/mmc/mmc_write.o
[0m[👉]      AR      drivers/net/qe/built-in.o
[0m[👉]      AR      drivers/net/ti/built-in.o
[0m[👉]      AR      drivers/net/built-in.o
[0m[👉]      CC      net/ping.o
[0m[👉]      AR      drivers/pinctrl/broadcom/built-in.o
[0m[👉]      CC      lib/errno_str.o
[0m[👉]      CC      lib/ldiv.o
[0m[👉]      AR      drivers/pinctrl/nxp/built-in.o
[0m[👉]      CC      drivers/pinctrl/rockchip/pinctrl-rockchip-core.o
[0m[👉]      AR      drivers/mmc/built-in.o
[0m[👉]      CC      net/tftp.o
[0m[👉]      CC      lib/net_utils.o
[0m[👉]      AR      drivers/power/battery/built-in.o
[0m[👉]      AR      drivers/power/mfd/built-in.o
[0m[👉]      AR      drivers/power/fuel_gauge/built-in.o
[0m[👉]      CC      lib/rc4.o
[0m[👉]      AR      drivers/power/pmic/built-in.o
[0m[👉]      CC      drivers/power/regulator/regulator-uclass.o
[0m[👉]      CC      drivers/pinctrl/pinctrl-uclass.o
[0m[👉]      CC      lib/list_sort.o
[0m[👉]      AR      net/built-in.o
[0m[👉]      CC      drivers/pinctrl/rockchip/pinctrl-rk3368.o
[0m[👉]      CC      lib/hash-checksum.o
[0m[👉]      AR      drivers/mtd/spi/spi-nor.o
[0m[👉]      CC      drivers/pwm/pwm-uclass.o
[0m[👉]      AR      drivers/power/regulator/built-in.o
[0m[👉]      AR      drivers/pinctrl/rockchip/built-in.o
[0m[👉]      AR      drivers/mtd/spi/built-in.o
[0m[👉]      CC      lib/gunzip.o
[0m[👉]      AR      drivers/power/built-in.o
[0m[👉]      CC      drivers/pinctrl/pinctrl-generic.o
[0m[👉]      AR      drivers/mtd/built-in.o
[0m[👉]      AR      drivers/reset/built-in.o
[0m[👉]      CC      drivers/ram/rockchip/dmc-rk3368.o
[0m[👉]      AR      drivers/rtc/built-in.o
[0m[👉]      AR      drivers/scsi/built-in.o
[0m[👉]      CC      drivers/serial/serial-uclass.o
[0m[👉]      AR      drivers/pwm/built-in.o
[0m[👉]      AR      drivers/smem/built-in.o
[0m[👉]      CC      lib/lz4_wrapper.o
[0m[👉]      AR      drivers/soc/built-in.o
[0m[👉]      AR      drivers/sound/built-in.o
[0m[👉]      CC      drivers/ram/ram-uclass.o
[0m[👉]      AR      drivers/ram/rockchip/built-in.o
[0m[👉]      AR      drivers/pinctrl/built-in.o
[0m[👉]      CC      lib/fdtdec_common.o
[0m[👉]      CC      drivers/serial/ns16550.o
[0m[👉]      CC      drivers/spi/spi-uclass.o
[0m[👉]      AR      drivers/ram/built-in.o
[0m[👉]      CC      lib/fdtdec.o
[0m[👉]      AR      drivers/spmi/built-in.o
[0m[👉]      CC      drivers/sysreset/sysreset-uclass.o
[0m[👉]      CC      drivers/sysreset/sysreset_rockchip.o
[0m[👉]      CC      drivers/spi/spi-mem.o
[0m[👉]      CC      lib/qsort.o
[0m[👉]      AR      drivers/sysreset/built-in.o
[0m[👉]      AR      drivers/serial/built-in.o
[0m[👉]      CC      lib/hashtable.o
[0m[👉]      AR      drivers/thermal/built-in.o
[0m[👉]      CC      lib/errno.o
[0m[👉]      AR      drivers/ufs/built-in.o
[0m[👉]      CC      lib/display_options.o
[0m[👉]      AR      drivers/spi/built-in.o
[0m[👉]      AR      drivers/video/bridge/built-in.o
[0m[👉]      AR      drivers/watchdog/built-in.o
[0m[👉]      AR      drivers/video/sunxi/built-in.o
[0m[👉]      AR      drivers/video/ti/built-in.o
[0m[👉]      CC      lib/crc32.o
[0m[👉]      CC      lib/ctype.o
[0m[👉]      AR      drivers/video/built-in.o
[0m[👉]      AR      drivers/built-in.o
[0m[👉]      CC      lib/div64.o
[0m[👉]      CC      lib/hang.o
[0m[👉]      CC      lib/linux_compat.o
[0m[👉]      CC      lib/linux_string.o
[0m[👉]      CC      lib/lmb.o
[0m[👉]      CC      lib/slre.o
[0m[👉]      CC      lib/membuff.o
[0m[👉]      CC      lib/string.o
[0m[👉]      CC      lib/tables_csum.o
[0m[👉]      CC      lib/time.o
[0m[👉]      CC      lib/hexdump.o
[0m[👉]      CC      lib/uuid.o
[0m[👉]      CC      lib/rand.o
[0m[👉]      CC      lib/panic.o
[0m[👉]      CC      lib/vsprintf.o
[0m[👉]      CC      lib/strto.o
[0m[👉]      CC      lib/abuf.o
[0m[👉]      CC      lib/date.o
[0m[👉]      CC      lib/rtc-lib.o
[0m[👉]      CC      lib/elf.o
[0m[👉]      AR      lib/built-in.o
[0m[👉]      LD      u-boot
[0m[👉]    aarch64-linux-gnu-ld.bfd: warning: u-boot has a LOAD segment with RWX permissions
[0m[👉]      OBJCOPY u-boot.srec
[0m[👉]      OBJCOPY u-boot-nodtb.bin
[0m[👉]      RELOC   u-boot-nodtb.bin
[0m[👉]      SYM     u-boot.sym
[0m[👉]      DTC     arch/arm/dts/rk3368-lion-haikou.dtb
[0m[👉]      DTC     arch/arm/dts/rk3368-sheep.dtb
[0m[👉]      DTC     arch/arm/dts/rk3368-geekbox.dtb
[0m[👉]      DTC     arch/arm/dts/rk3368-px5-evb.dtb
[0m[👉]      SHIPPED dts/dt.dtb
[0m[👉]      CAT     u-boot-dtb.bin
[0m[👉]      COPY    u-boot.dtb
[0m[👉]      COPY    u-boot.bin
[0m[👉]    --> (89) [1;32mINFO[0m: Ccache result [ [1;32mhit=0 miss=0 (0%)[0m ]
[0m[👉]    --> (89) [1;32mINFO[0m: {u-boot:1} built u-boot target [ [1;32m2022.07 in 22 seconds[0m ]
[0m[👉]    --> (89) [0;36mCOMMAND[0m: env -i PATH='/app/armbian-build/.tmp/work-1eb5b5e0-f11d-4953-814e-a542908d8792/bin:/usr/local/sbin:/usr/local/bin:/usr/sbin:/usr/bin:/sbin:/bin:/snap/bin' CFLAGS='-fdiagnostics-color=always -Wno-error=maybe-uninitialized -Wno-error=misleading-indentation -Wno-error=attributes -Wno-error=address-of-packed-member -Wno-error=implicit-function-declaration -Wno-error=implicit-int -Wno-error=int-conversion -Wno-error=incompatible-pointer-types -Wno-error=array-parameter' KCFLAGS='-fdiagnostics-color=always -Wno-error=maybe-uninitialized -Wno-error=misleading-indentation -Wno-error=attributes -Wno-error=address-of-packed-member -Wno-error=implicit-function-declaration -Wno-error=implicit-int -Wno-error=int-conversion -Wno-error=incompatible-pointer-types -Wno-error=array-parameter' CCACHE_BASEDIR=/app/armbian-build/cache/sources/u-boot-worktree/u-boot/v2022.07 PYTHONPATH="/app/armbian-build/cache/pip/base/lib/python3.12/site-packages:" CCACHE_TEMPDIR='/app/armbian-build/.tmp/work-1eb5b5e0-f11d-4953-814e-a542908d8792/ccache_tmp' pipetty make savedefconfig -j6 CROSS_COMPILE="aarch64-linux-gnu-"
[0m[👉]    scripts/kconfig/conf  --savedefconfig=defconfig Kconfig
[0m[👉]    --> (89) [1;39mINFO[0m: {u-boot:1} Postprocessing u-boot [ [1;39m2022.07 [0m ]
[0m[👉]    --> (89) [1;32mINFO[0m: geekbox [ [1;32mboots with trusted scenario[0m ]
[0m[👉]    --> (89) [1;31mERROR[0m: error! [ [1;31m"trusted" is an Unsupported Boot Scenario! [0m ]
[0m[💥[0m] [0m    👆👆👆 Showing logfile above 👆👆👆 [[1;31m /app/armbian-build/.tmp/logs-1eb5b5e0-f11d-4953-814e-a542908d8792/023.000.compile_uboot.log [0m][0m
[0m[💥[0m] [0mExiting with error 43 [[1;31m at /app/armbian-build/lib/functions/logging/traps.sh:1
[0;31m                exit_with_error() --> lib/functions/logging/traps.sh:1
[0;31m       uboot_custom_postprocess() --> config/sources/families/include/rockchip64_common.inc:309
[0;31m           compile_uboot_target() --> lib/functions/compilation/uboot.sh:290
[0;31m   loop_over_uboot_targets_and_do() --> lib/functions/compilation/uboot.sh:368
[0;31m                  compile_uboot() --> lib/functions/compilation/uboot.sh:459
[0;31m                do_with_logging() --> lib/functions/logging/section-logging.sh:85
[0;31m   artifact_uboot_build_from_sources() --> lib/functions/artifacts/artifact-uboot.sh:196
[0;31m    artifact_build_from_sources() --> lib/functions/artifacts/artifacts-obtain.sh:34
[0;31m       obtain_complete_artifact() --> lib/functions/artifacts/artifacts-obtain.sh:280
[0;31m       build_artifact_for_image() --> lib/functions/artifacts/artifacts-obtain.sh:396
[0;31m    main_default_build_packages() --> lib/functions/main/build-packages.sh:97
[0;31m   full_build_packages_rootfs_and_image() --> lib/functions/main/default-build.sh:31
[0;31m          do_with_default_build() --> lib/functions/main/default-build.sh:42
[0;31m         cli_standard_build_run() --> lib/functions/cli/cli-build.sh:25
[0;31m        armbian_cli_run_command() --> lib/functions/cli/utils-cli.sh:136
[0;31m                 cli_entrypoint() --> lib/functions/cli/entrypoint.sh:224
[0;31m                           main() --> ./compile.sh:50
 [0m][0m
[0m[💥[0m] [0mCleaning up [[1;31m please wait for cleanups to finish [0m][0m
[0m[✨[0m] [0mRepeat Build Options [[1;32m ./compile.sh BOARD=geekbox BRANCH=current BUILD_DESKTOP=no BUILD_MINIMAL=yes EXPERT=yes IGNORE_UBOOT_PATCHES=no KERNEL_CONFIGURE=no NO_APT_CACHER=yes RELEASE=bookworm [0m][0m
[0m[🌿[0m] [0mANSI log file built; inspect it by running: [[1;39m less -RS output/logs/log-build-1eb5b5e0-f11d-4953-814e-a542908d8792.log.ans [0m][0m
[0m[🌱[0m] [0mShare log manually: [[1;32m use one of the commands below (or add SHARE_LOG=yes next time!) [0m][0m
[0m[🌿[0m] [0mShare log manually: [[1;39m curl --data-binary @output/logs/log-build-1eb5b5e0-f11d-4953-814e-a542908d8792.log.ans https://paste.armbian.com/log [0m][0m
[0m[🌿[0m] [0mShare log manually: [[1;39m curl --data-binary @output/logs/log-build-1eb5b5e0-f11d-4953-814e-a542908d8792.log.ans https://paste.armbian.de/log [0m][0m
[0m[🌿[0m] [0mShare log manually: [[1;39m curl --data-binary @output/logs/log-build-1eb5b5e0-f11d-4953-814e-a542908d8792.log.ans https://paste.next.armbian.com/log [0m][0m
[0m[🌿[0m] [0mShare log manually: [[1;39m curl --data-binary @output/logs/log-build-1eb5b5e0-f11d-4953-814e-a542908d8792.log.ans https://paste.armbian.eu/log [0m][0m
